// Jest Snapshot v1, https://goo.gl/fbAQLP

exports[`should render Output with 2 items without crashing 1`] = `
<div
  className="output"
>
  <output
    className="result"
    key="0"
    onClick={[Function]}
  >
    1.2
  </output>
  <output
    className="result"
    key="1"
    onClick={[Function]}
  >
    3.4
  </output>
</div>
`;
